// Jest Snapshot v1, https://goo.gl/fbAQLP

exports[`<Nodes /> should match snapshot 1`] = `
<div
  className="MuiBox-root MuiBox-root-2"
>
  <h1
    className="MuiTypography-root MuiTypography-h4"
  >
    <strong>
      Nodes
    </strong>
  </h1>
  <div
    className="MuiPaper-root MuiExpansionPanel-root makeStyles-root-33 MuiExpansionPanel-rounded MuiPaper-elevation1 MuiPaper-rounded"
  >
    <div
      aria-disabled={false}
      aria-expanded={false}
      className="MuiButtonBase-root MuiExpansionPanelSummary-root"
      onBlur={[Function]}
      onClick={[Function]}
      onDragLeave={[Function]}
      onFocus={[Function]}
      onKeyDown={[Function]}
      onKeyUp={[Function]}
      onMouseDown={[Function]}
      onMouseLeave={[Function]}
      onMouseUp={[Function]}
      onTouchEnd={[Function]}
      onTouchMove={[Function]}
      onTouchStart={[Function]}
      role="button"
      tabIndex={0}
    >
      <div
        className="MuiExpansionPanelSummary-content"
      >
        <div
          className="MuiBox-root MuiBox-root-77"
        >
          <p
            className="MuiTypography-root makeStyles-heading-34 MuiTypography-body1"
          >
            Node 1
          </p>
          <p
            className="MuiTypography-root makeStyles-secondaryHeading-35 MuiTypography-body1"
          >
            https://thawing-springs-53971.herokuapp.com
          </p>
        </div>
      </div>
      <div
        aria-disabled={false}
        aria-hidden={true}
        className="MuiButtonBase-root MuiIconButton-root MuiExpansionPanelSummary-expandIcon MuiIconButton-edgeEnd"
        onBlur={[Function]}
        onClick={undefined}
        onDragLeave={[Function]}
        onFocus={[Function]}
        onKeyDown={[Function]}
        onKeyUp={[Function]}
        onMouseDown={[Function]}
        onMouseLeave={[Function]}
        onMouseUp={[Function]}
        onTouchEnd={[Function]}
        onTouchMove={[Function]}
        onTouchStart={[Function]}
        role={null}
        tabIndex={null}
      >
        <span
          className="MuiIconButton-label"
        >
          <svg
            aria-hidden="true"
            className="MuiSvgIcon-root"
            color={undefined}
            focusable="false"
            role={undefined}
            viewBox="0 0 24 24"
          >
            <path
              d="M16.59 8.59L12 13.17 7.41 8.59 6 10l6 6 6-6z"
            />
          </svg>
        </span>
      </div>
    </div>
    <div
      className="MuiCollapse-container MuiCollapse-hidden"
      style={
        Object {
          "minHeight": "0px",
        }
      }
    >
      <div
        className="MuiCollapse-wrapper"
      >
        <div
          className="MuiCollapse-wrapperInner"
        >
          <div
            aria-labelledby={undefined}
            id={undefined}
            role="region"
          >
            <div
              className="MuiExpansionPanelDetails-root"
            >
              <p
                className="MuiTypography-root MuiTypography-body1"
              >
                Blocks go here
              </p>
            </div>
          </div>
        </div>
      </div>
    </div>
  </div>
  <div
    className="MuiPaper-root MuiExpansionPanel-root makeStyles-root-33 MuiExpansionPanel-rounded MuiPaper-elevation1 MuiPaper-rounded"
  >
    <div
      aria-disabled={false}
      aria-expanded={false}
      className="MuiButtonBase-root MuiExpansionPanelSummary-root"
      onBlur={[Function]}
      onClick={[Function]}
      onDragLeave={[Function]}
      onFocus={[Function]}
      onKeyDown={[Function]}
      onKeyUp={[Function]}
      onMouseDown={[Function]}
      onMouseLeave={[Function]}
      onMouseUp={[Function]}
      onTouchEnd={[Function]}
      onTouchMove={[Function]}
      onTouchStart={[Function]}
      role="button"
      tabIndex={0}
    >
      <div
        className="MuiExpansionPanelSummary-content"
      >
        <div
          className="MuiBox-root MuiBox-root-102"
        >
          <p
            className="MuiTypography-root makeStyles-heading-34 MuiTypography-body1"
          >
            Node 2
          </p>
          <p
            className="MuiTypography-root makeStyles-secondaryHeading-35 MuiTypography-body1"
          >
            https://secret-lowlands-62331.herokuapp.com
          </p>
        </div>
      </div>
      <div
        aria-disabled={false}
        aria-hidden={true}
        className="MuiButtonBase-root MuiIconButton-root MuiExpansionPanelSummary-expandIcon MuiIconButton-edgeEnd"
        onBlur={[Function]}
        onClick={undefined}
        onDragLeave={[Function]}
        onFocus={[Function]}
        onKeyDown={[Function]}
        onKeyUp={[Function]}
        onMouseDown={[Function]}
        onMouseLeave={[Function]}
        onMouseUp={[Function]}
        onTouchEnd={[Function]}
        onTouchMove={[Function]}
        onTouchStart={[Function]}
        role={null}
        tabIndex={null}
      >
        <span
          className="MuiIconButton-label"
        >
          <svg
            aria-hidden="true"
            className="MuiSvgIcon-root"
            color={undefined}
            focusable="false"
            role={undefined}
            viewBox="0 0 24 24"
          >
            <path
              d="M16.59 8.59L12 13.17 7.41 8.59 6 10l6 6 6-6z"
            />
          </svg>
        </span>
      </div>
    </div>
    <div
      className="MuiCollapse-container MuiCollapse-hidden"
      style={
        Object {
          "minHeight": "0px",
        }
      }
    >
      <div
        className="MuiCollapse-wrapper"
      >
        <div
          className="MuiCollapse-wrapperInner"
        >
          <div
            aria-labelledby={undefined}
            id={undefined}
            role="region"
          >
            <div
              className="MuiExpansionPanelDetails-root"
            >
              <p
                className="MuiTypography-root MuiTypography-body1"
              >
                Blocks go here
              </p>
            </div>
          </div>
        </div>
      </div>
    </div>
  </div>
</div>
`;
